2026-10-06 12:16:02,124 | train.py:46 | Starting main training sequence...
2026-10-06 12:16:21,814 | /mnt/e/dev/hidden/projects/detection_dairv2x/src/datamodules/detection_datamodule.py:338 | Loaded 532 data for current train split
2026-10-06 12:16:23,588 | /mnt/e/dev/hidden/projects/detection_dairv2x/src/datamodules/detection_datamodule.py:338 | Loaded 62 data for current val split
2026-10-06 12:16:29,744 | /mnt/e/dev/hidden/projects/detection_dairv2x/src/datamodules/detection_datamodule.py:103 | Outputting image shape from dataloader, after reading, and permuting 2,0,1 torch.Size([3, 1080, 1920])
2026-10-06 12:16:29,798 | /mnt/e/dev/hidden/projects/detection_dairv2x/src/datamodules/detection_datamodule.py:110 | Outputting some points shape information after reading in dataset fetcher torch.Size([65395, 4])
2026-10-06 12:16:29,925 | /mnt/e/dev/hidden/projects/detection_dairv2x/src/datamodules/detection_datamodule.py:103 | Outputting image shape from dataloader, after reading, and permuting 2,0,1 torch.Size([3, 1080, 1920])
2026-10-06 12:16:29,965 | /mnt/e/dev/hidden/projects/detection_dairv2x/src/datamodules/detection_datamodule.py:110 | Outputting some points shape information after reading in dataset fetcher torch.Size([65415, 4])
2026-10-06 12:16:30,029 | /mnt/e/dev/hidden/projects/detection_dairv2x/src/models/bevfusion_model.py:227 | Forward validation pass 
2026-10-06 12:16:30,035 | /mnt/e/dev/hidden/projects/detection_dairv2x/src/utils/architecture/bevfusion.py:177 | In bevfusion v2x got fwd img input of shape torch.Size([1, 3, 1080, 1920])
2026-10-06 12:16:30,135 | /mnt/e/dev/hidden/projects/detection_dairv2x/src/utils/architecture/bevfusion.py:181 | In bevfusion v2x got cam features of shape 3 and dim torch.Size([1, 192, 135, 240])
2026-10-06 12:16:30,136 | /mnt/e/dev/hidden/projects/detection_dairv2x/src/utils/architecture/cam_feat_extraction/gen_lss_fpn.py:87 | Got inputs of len, 3 where channels are 3 and input[0] is torch.Size([1, 192, 135, 240])
2026-10-06 12:16:30,138 | /mnt/e/dev/hidden/projects/detection_dairv2x/src/utils/architecture/bevfusion.py:185 | In bevfusion v2x got cam features  NECK of len 2 and shape torch.Size([1, 256, 135, 240])
2026-10-06 12:16:30,139 | /mnt/e/dev/hidden/projects/detection_dairv2x/src/utils/architecture/bevfusion.py:187 | after gen lss fpn 1st output torch.Size([1, 256, 135, 240])
2026-10-06 12:16:30,140 | /mnt/e/dev/hidden/projects/detection_dairv2x/src/utils/architecture/bevfusion.py:188 | after gen lss fpn 2nd output torch.Size([1, 256, 68, 120])
2026-10-06 12:16:30,207 | /mnt/e/dev/hidden/projects/detection_dairv2x/src/datamodules/detection_datamodule.py:103 | Outputting image shape from dataloader, after reading, and permuting 2,0,1 torch.Size([3, 1080, 1920])
2026-10-06 12:16:30,231 | /mnt/e/dev/hidden/projects/detection_dairv2x/src/utils/architecture/lss/lss.py:77 | type <class 'torch.Tensor'>, shhape torch.Size([1, 182, 135, 240])
2026-10-06 12:16:30,238 | /mnt/e/dev/hidden/projects/detection_dairv2x/src/utils/architecture/lss/lss.py:86 | type <class 'torch.Tensor'>, shhape torch.Size([1, 1, 64, 118, 135, 240])
2026-10-06 12:16:30,238 | /mnt/e/dev/hidden/projects/detection_dairv2x/src/utils/architecture/lss/lss.py:90 | type <class 'torch.Tensor'>, shhape torch.Size([1, 1, 118, 135, 240, 64])
2026-10-06 12:16:30,239 | /mnt/e/dev/hidden/projects/detection_dairv2x/src/utils/architecture/lss/base.py:242 | type <class 'torch.Tensor'>, shhape torch.Size([1, 1, 118, 135, 240, 64])
2026-10-06 12:16:30,278 | /mnt/e/dev/hidden/projects/detection_dairv2x/src/datamodules/detection_datamodule.py:110 | Outputting some points shape information after reading in dataset fetcher torch.Size([65427, 4])
2026-10-06 12:16:30,313 | /mnt/e/dev/hidden/projects/detection_dairv2x/src/utils/architecture/bevfusion.py:201 | cam_features_bev output of encoder shape torch.Size([1, 64, 200, 200])
2026-10-06 12:16:30,314 | /mnt/e/dev/hidden/projects/detection_dairv2x/src/utils/architecture/bevfusion.py:206 | point cloud input to encoder of type <class 'torch.Tensor'>
2026-10-06 12:16:30,358 | /mnt/e/dev/hidden/projects/detection_dairv2x/src/utils/losses/losses.py:63 | Prediction dtype:torch.float32
2026-10-06 12:16:30,359 | /mnt/e/dev/hidden/projects/detection_dairv2x/src/utils/losses/losses.py:64 | Positive centers:12
2026-10-06 12:16:30,360 | /mnt/e/dev/hidden/projects/detection_dairv2x/src/utils/losses/losses.py:65 | Mean probability:0.5052939057350159
2026-10-06 12:16:30,366 | /mnt/e/dev/hidden/projects/detection_dairv2x/src/models/bevfusion_model.py:270 | Epoch 0 , final total loss after validation is 6011.2978515625
2026-10-06 12:16:30,428 | /mnt/e/dev/hidden/projects/detection_dairv2x/src/datamodules/detection_datamodule.py:103 | Outputting image shape from dataloader, after reading, and permuting 2,0,1 torch.Size([3, 1080, 1920])
2026-10-06 12:16:30,512 | /mnt/e/dev/hidden/projects/detection_dairv2x/src/datamodules/detection_datamodule.py:110 | Outputting some points shape information after reading in dataset fetcher torch.Size([65361, 4])
2026-10-06 12:16:37,075 | /mnt/e/dev/hidden/projects/detection_dairv2x/src/models/bevfusion_model.py:227 | Forward validation pass 
2026-10-06 12:16:37,081 | /mnt/e/dev/hidden/projects/detection_dairv2x/src/utils/architecture/bevfusion.py:177 | In bevfusion v2x got fwd img input of shape torch.Size([1, 3, 1080, 1920])
2026-10-06 12:16:37,098 | /mnt/e/dev/hidden/projects/detection_dairv2x/src/utils/architecture/bevfusion.py:181 | In bevfusion v2x got cam features of shape 3 and dim torch.Size([1, 192, 135, 240])
2026-10-06 12:16:37,099 | /mnt/e/dev/hidden/projects/detection_dairv2x/src/utils/architecture/cam_feat_extraction/gen_lss_fpn.py:87 | Got inputs of len, 3 where channels are 3 and input[0] is torch.Size([1, 192, 135, 240])
2026-10-06 12:16:37,101 | /mnt/e/dev/hidden/projects/detection_dairv2x/src/utils/architecture/bevfusion.py:185 | In bevfusion v2x got cam features  NECK of len 2 and shape torch.Size([1, 256, 135, 240])
2026-10-06 12:16:37,102 | /mnt/e/dev/hidden/projects/detection_dairv2x/src/utils/architecture/bevfusion.py:187 | after gen lss fpn 1st output torch.Size([1, 256, 135, 240])
2026-10-06 12:16:37,103 | /mnt/e/dev/hidden/projects/detection_dairv2x/src/utils/architecture/bevfusion.py:188 | after gen lss fpn 2nd output torch.Size([1, 256, 68, 120])
2026-10-06 12:16:37,139 | /mnt/e/dev/hidden/projects/detection_dairv2x/src/datamodules/detection_datamodule.py:103 | Outputting image shape from dataloader, after reading, and permuting 2,0,1 torch.Size([3, 1080, 1920])
2026-10-06 12:16:37,372 | /mnt/e/dev/hidden/projects/detection_dairv2x/src/datamodules/detection_datamodule.py:110 | Outputting some points shape information after reading in dataset fetcher torch.Size([65478, 4])
2026-10-06 12:16:37,439 | /mnt/e/dev/hidden/projects/detection_dairv2x/src/utils/architecture/lss/lss.py:77 | type <class 'torch.Tensor'>, shhape torch.Size([1, 182, 135, 240])
2026-10-06 12:16:37,440 | /mnt/e/dev/hidden/projects/detection_dairv2x/src/utils/architecture/lss/lss.py:86 | type <class 'torch.Tensor'>, shhape torch.Size([1, 1, 64, 118, 135, 240])
2026-10-06 12:16:37,441 | /mnt/e/dev/hidden/projects/detection_dairv2x/src/utils/architecture/lss/lss.py:90 | type <class 'torch.Tensor'>, shhape torch.Size([1, 1, 118, 135, 240, 64])
2026-10-06 12:16:37,442 | /mnt/e/dev/hidden/projects/detection_dairv2x/src/utils/architecture/lss/base.py:242 | type <class 'torch.Tensor'>, shhape torch.Size([1, 1, 118, 135, 240, 64])
2026-10-06 12:16:37,482 | /mnt/e/dev/hidden/projects/detection_dairv2x/src/utils/architecture/bevfusion.py:201 | cam_features_bev output of encoder shape torch.Size([1, 64, 200, 200])
2026-10-06 12:16:37,483 | /mnt/e/dev/hidden/projects/detection_dairv2x/src/utils/architecture/bevfusion.py:206 | point cloud input to encoder of type <class 'torch.Tensor'>
2026-10-06 12:16:37,518 | /mnt/e/dev/hidden/projects/detection_dairv2x/src/utils/losses/losses.py:63 | Prediction dtype:torch.float32
2026-10-06 12:16:37,519 | /mnt/e/dev/hidden/projects/detection_dairv2x/src/utils/losses/losses.py:64 | Positive centers:12
2026-10-06 12:16:37,520 | /mnt/e/dev/hidden/projects/detection_dairv2x/src/utils/losses/losses.py:65 | Mean probability:0.5052938461303711
2026-10-06 12:16:37,529 | /mnt/e/dev/hidden/projects/detection_dairv2x/src/models/bevfusion_model.py:270 | Epoch 0 , final total loss after validation is 6010.98779296875
2026-10-06 12:16:44,361 | /mnt/e/dev/hidden/projects/detection_dairv2x/src/models/bevfusion_model.py:86 | 
Epoch 1/500
2026-10-06 12:16:44,949 | /mnt/e/dev/hidden/projects/detection_dairv2x/src/datamodules/detection_datamodule.py:103 | Outputting image shape from dataloader, after reading, and permuting 2,0,1 torch.Size([3, 1080, 1920])
2026-10-06 12:16:45,654 | /mnt/e/dev/hidden/projects/detection_dairv2x/src/datamodules/detection_datamodule.py:110 | Outputting some points shape information after reading in dataset fetcher torch.Size([59544, 4])
2026-10-06 12:16:46,215 | /mnt/e/dev/hidden/projects/detection_dairv2x/src/datamodules/detection_datamodule.py:103 | Outputting image shape from dataloader, after reading, and permuting 2,0,1 torch.Size([3, 1080, 1920])
2026-10-06 12:16:47,106 | /mnt/e/dev/hidden/projects/detection_dairv2x/src/datamodules/detection_datamodule.py:110 | Outputting some points shape information after reading in dataset fetcher torch.Size([64575, 4])
2026-10-06 12:16:47,415 | /mnt/e/dev/hidden/projects/detection_dairv2x/src/models/bevfusion_model.py:95 | Forward pass 
2026-10-06 12:16:47,422 | /mnt/e/dev/hidden/projects/detection_dairv2x/src/utils/architecture/bevfusion.py:177 | In bevfusion v2x got fwd img input of shape torch.Size([1, 3, 1080, 1920])
2026-10-06 12:16:47,535 | /mnt/e/dev/hidden/projects/detection_dairv2x/src/utils/architecture/bevfusion.py:181 | In bevfusion v2x got cam features of shape 3 and dim torch.Size([1, 192, 135, 240])
2026-10-06 12:16:47,536 | /mnt/e/dev/hidden/projects/detection_dairv2x/src/utils/architecture/cam_feat_extraction/gen_lss_fpn.py:87 | Got inputs of len, 3 where channels are 3 and input[0] is torch.Size([1, 192, 135, 240])
2026-10-06 12:16:47,667 | /mnt/e/dev/hidden/projects/detection_dairv2x/src/datamodules/detection_datamodule.py:103 | Outputting image shape from dataloader, after reading, and permuting 2,0,1 torch.Size([3, 1080, 1920])
2026-10-06 12:16:47,671 | /mnt/e/dev/hidden/projects/detection_dairv2x/src/utils/architecture/bevfusion.py:185 | In bevfusion v2x got cam features  NECK of len 2 and shape torch.Size([1, 256, 135, 240])
2026-10-06 12:16:47,672 | /mnt/e/dev/hidden/projects/detection_dairv2x/src/utils/architecture/bevfusion.py:187 | after gen lss fpn 1st output torch.Size([1, 256, 135, 240])
2026-10-06 12:16:47,672 | /mnt/e/dev/hidden/projects/detection_dairv2x/src/utils/architecture/bevfusion.py:188 | after gen lss fpn 2nd output torch.Size([1, 256, 68, 120])
2026-10-06 12:16:47,959 | /mnt/e/dev/hidden/projects/detection_dairv2x/src/utils/architecture/lss/lss.py:77 | type <class 'torch.Tensor'>, shhape torch.Size([1, 182, 135, 240])
2026-10-06 12:16:47,966 | /mnt/e/dev/hidden/projects/detection_dairv2x/src/utils/architecture/lss/lss.py:86 | type <class 'torch.Tensor'>, shhape torch.Size([1, 1, 64, 118, 135, 240])
2026-10-06 12:16:47,967 | /mnt/e/dev/hidden/projects/detection_dairv2x/src/utils/architecture/lss/lss.py:90 | type <class 'torch.Tensor'>, shhape torch.Size([1, 1, 118, 135, 240, 64])
2026-10-06 12:16:47,968 | /mnt/e/dev/hidden/projects/detection_dairv2x/src/utils/architecture/lss/base.py:242 | type <class 'torch.Tensor'>, shhape torch.Size([1, 1, 118, 135, 240, 64])
2026-10-06 12:16:48,088 | /mnt/e/dev/hidden/projects/detection_dairv2x/src/utils/architecture/bevfusion.py:201 | cam_features_bev output of encoder shape torch.Size([1, 64, 200, 200])
2026-10-06 12:16:48,089 | /mnt/e/dev/hidden/projects/detection_dairv2x/src/utils/architecture/bevfusion.py:206 | point cloud input to encoder of type <class 'torch.Tensor'>
2026-10-06 12:16:48,116 | /mnt/e/dev/hidden/projects/detection_dairv2x/src/utils/losses/losses.py:63 | Prediction dtype:torch.float32
2026-10-06 12:16:48,117 | /mnt/e/dev/hidden/projects/detection_dairv2x/src/utils/losses/losses.py:64 | Positive centers:18
2026-10-06 12:16:48,118 | /mnt/e/dev/hidden/projects/detection_dairv2x/src/utils/losses/losses.py:65 | Mean probability:0.5208730101585388
2026-10-06 12:16:48,146 | /mnt/e/dev/hidden/projects/detection_dairv2x/src/datamodules/detection_datamodule.py:110 | Outputting some points shape information after reading in dataset fetcher torch.Size([59487, 4])
2026-10-06 12:16:48,651 | /mnt/e/dev/hidden/projects/detection_dairv2x/src/datamodules/detection_datamodule.py:103 | Outputting image shape from dataloader, after reading, and permuting 2,0,1 torch.Size([3, 1080, 1920])
2026-10-06 12:16:48,966 | /mnt/e/dev/hidden/projects/detection_dairv2x/src/datamodules/detection_datamodule.py:110 | Outputting some points shape information after reading in dataset fetcher torch.Size([59165, 4])
2026-10-06 12:17:11,170 | /mnt/e/dev/hidden/projects/detection_dairv2x/src/models/bevfusion_model.py:95 | Forward pass 
2026-10-06 12:17:11,175 | /mnt/e/dev/hidden/projects/detection_dairv2x/src/utils/architecture/bevfusion.py:177 | In bevfusion v2x got fwd img input of shape torch.Size([1, 3, 1080, 1920])
2026-10-06 12:17:11,209 | /mnt/e/dev/hidden/projects/detection_dairv2x/src/utils/architecture/bevfusion.py:181 | In bevfusion v2x got cam features of shape 3 and dim torch.Size([1, 192, 135, 240])
2026-10-06 12:17:11,210 | /mnt/e/dev/hidden/projects/detection_dairv2x/src/utils/architecture/cam_feat_extraction/gen_lss_fpn.py:87 | Got inputs of len, 3 where channels are 3 and input[0] is torch.Size([1, 192, 135, 240])
2026-10-06 12:17:11,212 | /mnt/e/dev/hidden/projects/detection_dairv2x/src/utils/architecture/bevfusion.py:185 | In bevfusion v2x got cam features  NECK of len 2 and shape torch.Size([1, 256, 135, 240])
2026-10-06 12:17:11,212 | /mnt/e/dev/hidden/projects/detection_dairv2x/src/utils/architecture/bevfusion.py:187 | after gen lss fpn 1st output torch.Size([1, 256, 135, 240])
2026-10-06 12:17:11,213 | /mnt/e/dev/hidden/projects/detection_dairv2x/src/utils/architecture/bevfusion.py:188 | after gen lss fpn 2nd output torch.Size([1, 256, 68, 120])
2026-10-06 12:17:12,490 | /mnt/e/dev/hidden/projects/detection_dairv2x/src/utils/architecture/lss/lss.py:77 | type <class 'torch.Tensor'>, shhape torch.Size([1, 182, 135, 240])
2026-10-06 12:17:12,492 | /mnt/e/dev/hidden/projects/detection_dairv2x/src/utils/architecture/lss/lss.py:86 | type <class 'torch.Tensor'>, shhape torch.Size([1, 1, 64, 118, 135, 240])
2026-10-06 12:17:12,493 | /mnt/e/dev/hidden/projects/detection_dairv2x/src/utils/architecture/lss/lss.py:90 | type <class 'torch.Tensor'>, shhape torch.Size([1, 1, 118, 135, 240, 64])
2026-10-06 12:17:12,494 | /mnt/e/dev/hidden/projects/detection_dairv2x/src/utils/architecture/lss/base.py:242 | type <class 'torch.Tensor'>, shhape torch.Size([1, 1, 118, 135, 240, 64])
2026-10-06 12:17:12,539 | /mnt/e/dev/hidden/projects/detection_dairv2x/src/utils/architecture/bevfusion.py:201 | cam_features_bev output of encoder shape torch.Size([1, 64, 200, 200])
2026-10-06 12:17:12,540 | /mnt/e/dev/hidden/projects/detection_dairv2x/src/utils/architecture/bevfusion.py:206 | point cloud input to encoder of type <class 'torch.Tensor'>
2026-10-06 12:17:12,571 | /mnt/e/dev/hidden/projects/detection_dairv2x/src/utils/losses/losses.py:63 | Prediction dtype:torch.float32
2026-10-06 12:17:12,572 | /mnt/e/dev/hidden/projects/detection_dairv2x/src/utils/losses/losses.py:64 | Positive centers:9
2026-10-06 12:17:12,573 | /mnt/e/dev/hidden/projects/detection_dairv2x/src/utils/losses/losses.py:65 | Mean probability:0.5083882808685303
2026-10-06 12:17:13,489 | /mnt/e/dev/hidden/projects/detection_dairv2x/src/datamodules/detection_datamodule.py:103 | Outputting image shape from dataloader, after reading, and permuting 2,0,1 torch.Size([3, 1080, 1920])
2026-10-06 12:17:14,633 | /mnt/e/dev/hidden/projects/detection_dairv2x/src/models/bevfusion_model.py:95 | Forward pass 
2026-10-06 12:17:14,637 | /mnt/e/dev/hidden/projects/detection_dairv2x/src/utils/architecture/bevfusion.py:177 | In bevfusion v2x got fwd img input of shape torch.Size([1, 3, 1080, 1920])
2026-10-06 12:17:14,665 | /mnt/e/dev/hidden/projects/detection_dairv2x/src/utils/architecture/bevfusion.py:181 | In bevfusion v2x got cam features of shape 3 and dim torch.Size([1, 192, 135, 240])
2026-10-06 12:17:14,666 | /mnt/e/dev/hidden/projects/detection_dairv2x/src/utils/architecture/cam_feat_extraction/gen_lss_fpn.py:87 | Got inputs of len, 3 where channels are 3 and input[0] is torch.Size([1, 192, 135, 240])
2026-10-06 12:17:14,668 | /mnt/e/dev/hidden/projects/detection_dairv2x/src/utils/architecture/bevfusion.py:185 | In bevfusion v2x got cam features  NECK of len 2 and shape torch.Size([1, 256, 135, 240])
2026-10-06 12:17:14,669 | /mnt/e/dev/hidden/projects/detection_dairv2x/src/utils/architecture/bevfusion.py:187 | after gen lss fpn 1st output torch.Size([1, 256, 135, 240])
2026-10-06 12:17:14,670 | /mnt/e/dev/hidden/projects/detection_dairv2x/src/utils/architecture/bevfusion.py:188 | after gen lss fpn 2nd output torch.Size([1, 256, 68, 120])
2026-10-06 12:17:14,810 | /mnt/e/dev/hidden/projects/detection_dairv2x/src/utils/architecture/lss/lss.py:77 | type <class 'torch.Tensor'>, shhape torch.Size([1, 182, 135, 240])
2026-10-06 12:17:14,812 | /mnt/e/dev/hidden/projects/detection_dairv2x/src/utils/architecture/lss/lss.py:86 | type <class 'torch.Tensor'>, shhape torch.Size([1, 1, 64, 118, 135, 240])
2026-10-06 12:17:14,813 | /mnt/e/dev/hidden/projects/detection_dairv2x/src/utils/architecture/lss/lss.py:90 | type <class 'torch.Tensor'>, shhape torch.Size([1, 1, 118, 135, 240, 64])
2026-10-06 12:17:14,814 | /mnt/e/dev/hidden/projects/detection_dairv2x/src/utils/architecture/lss/base.py:242 | type <class 'torch.Tensor'>, shhape torch.Size([1, 1, 118, 135, 240, 64])
2026-10-06 12:17:14,877 | /mnt/e/dev/hidden/projects/detection_dairv2x/src/utils/architecture/bevfusion.py:201 | cam_features_bev output of encoder shape torch.Size([1, 64, 200, 200])
2026-10-06 12:17:14,878 | /mnt/e/dev/hidden/projects/detection_dairv2x/src/utils/architecture/bevfusion.py:206 | point cloud input to encoder of type <class 'torch.Tensor'>
2026-10-06 12:17:14,907 | /mnt/e/dev/hidden/projects/detection_dairv2x/src/utils/losses/losses.py:63 | Prediction dtype:torch.float32
2026-10-06 12:17:14,908 | /mnt/e/dev/hidden/projects/detection_dairv2x/src/utils/losses/losses.py:64 | Positive centers:12
2026-10-06 12:17:14,909 | /mnt/e/dev/hidden/projects/detection_dairv2x/src/utils/losses/losses.py:65 | Mean probability:0.5052927136421204
2026-10-06 12:17:16,581 | /mnt/e/dev/hidden/projects/detection_dairv2x/src/datamodules/detection_datamodule.py:110 | Outputting some points shape information after reading in dataset fetcher torch.Size([62630, 4])
2026-10-06 12:17:21,070 | /mnt/e/dev/hidden/projects/detection_dairv2x/src/datamodules/detection_datamodule.py:103 | Outputting image shape from dataloader, after reading, and permuting 2,0,1 torch.Size([3, 1080, 1920])
2026-10-06 12:17:23,874 | /mnt/e/dev/hidden/projects/detection_dairv2x/src/models/bevfusion_model.py:95 | Forward pass 
2026-10-06 12:17:23,879 | /mnt/e/dev/hidden/projects/detection_dairv2x/src/utils/architecture/bevfusion.py:177 | In bevfusion v2x got fwd img input of shape torch.Size([1, 3, 1080, 1920])
2026-10-06 12:17:23,904 | /mnt/e/dev/hidden/projects/detection_dairv2x/src/utils/architecture/bevfusion.py:181 | In bevfusion v2x got cam features of shape 3 and dim torch.Size([1, 192, 135, 240])
2026-10-06 12:17:23,905 | /mnt/e/dev/hidden/projects/detection_dairv2x/src/utils/architecture/cam_feat_extraction/gen_lss_fpn.py:87 | Got inputs of len, 3 where channels are 3 and input[0] is torch.Size([1, 192, 135, 240])
2026-10-06 12:17:23,907 | /mnt/e/dev/hidden/projects/detection_dairv2x/src/utils/architecture/bevfusion.py:185 | In bevfusion v2x got cam features  NECK of len 2 and shape torch.Size([1, 256, 135, 240])
2026-10-06 12:17:23,907 | /mnt/e/dev/hidden/projects/detection_dairv2x/src/utils/architecture/bevfusion.py:187 | after gen lss fpn 1st output torch.Size([1, 256, 135, 240])
2026-10-06 12:17:23,908 | /mnt/e/dev/hidden/projects/detection_dairv2x/src/utils/architecture/bevfusion.py:188 | after gen lss fpn 2nd output torch.Size([1, 256, 68, 120])
2026-10-06 12:17:24,094 | /mnt/e/dev/hidden/projects/detection_dairv2x/src/utils/architecture/lss/lss.py:77 | type <class 'torch.Tensor'>, shhape torch.Size([1, 182, 135, 240])
2026-10-06 12:17:24,096 | /mnt/e/dev/hidden/projects/detection_dairv2x/src/utils/architecture/lss/lss.py:86 | type <class 'torch.Tensor'>, shhape torch.Size([1, 1, 64, 118, 135, 240])
2026-10-06 12:17:24,096 | /mnt/e/dev/hidden/projects/detection_dairv2x/src/utils/architecture/lss/lss.py:90 | type <class 'torch.Tensor'>, shhape torch.Size([1, 1, 118, 135, 240, 64])
2026-10-06 12:17:24,097 | /mnt/e/dev/hidden/projects/detection_dairv2x/src/utils/architecture/lss/base.py:242 | type <class 'torch.Tensor'>, shhape torch.Size([1, 1, 118, 135, 240, 64])
2026-10-06 12:17:24,145 | /mnt/e/dev/hidden/projects/detection_dairv2x/src/utils/architecture/bevfusion.py:201 | cam_features_bev output of encoder shape torch.Size([1, 64, 200, 200])
2026-10-06 12:17:24,146 | /mnt/e/dev/hidden/projects/detection_dairv2x/src/utils/architecture/bevfusion.py:206 | point cloud input to encoder of type <class 'torch.Tensor'>
2026-10-06 12:17:24,183 | /mnt/e/dev/hidden/projects/detection_dairv2x/src/utils/losses/losses.py:63 | Prediction dtype:torch.float32
2026-10-06 12:17:24,185 | /mnt/e/dev/hidden/projects/detection_dairv2x/src/utils/losses/losses.py:64 | Positive centers:10
2026-10-06 12:17:24,186 | /mnt/e/dev/hidden/projects/detection_dairv2x/src/utils/losses/losses.py:65 | Mean probability:0.5040200352668762
2026-10-06 12:17:26,987 | /mnt/e/dev/hidden/projects/detection_dairv2x/src/datamodules/detection_datamodule.py:110 | Outputting some points shape information after reading in dataset fetcher torch.Size([64361, 4])
2026-10-06 12:17:30,985 | /mnt/e/dev/hidden/projects/detection_dairv2x/src/datamodules/detection_datamodule.py:103 | Outputting image shape from dataloader, after reading, and permuting 2,0,1 torch.Size([3, 1080, 1920])
